../../TIMIT_corpus/timit_wav8000htkfeature/mrmh0_sa1.htk
../../TIMIT_corpus/timit_wav8000htkfeature/mrmh0_sa2.htk
../../TIMIT_corpus/timit_wav8000htkfeature/mrmh0_si1021.htk
../../TIMIT_corpus/timit_wav8000htkfeature/mrmh0_si1349.htk
../../TIMIT_corpus/timit_wav8000htkfeature/mrmh0_si2281.htk
../../TIMIT_corpus/timit_wav8000htkfeature/mrmh0_sx121.htk
../../TIMIT_corpus/timit_wav8000htkfeature/mrmh0_sx211.htk
../../TIMIT_corpus/timit_wav8000htkfeature/mrmh0_sx301.htk
../../TIMIT_corpus/timit_wav8000htkfeature/mrmh0_sx31.htk
../../TIMIT_corpus/timit_wav8000htkfeature/mrmh0_sx391.htk
../../TIMIT_corpus/timit_wav8000htkfeature/mrml0_sa1.htk
../../TIMIT_corpus/timit_wav8000htkfeature/mrml0_sa2.htk
../../TIMIT_corpus/timit_wav8000htkfeature/mrml0_si1421.htk
../../TIMIT_corpus/timit_wav8000htkfeature/mrml0_si2051.htk
../../TIMIT_corpus/timit_wav8000htkfeature/mrml0_si791.htk
../../TIMIT_corpus/timit_wav8000htkfeature/mrml0_sx161.htk
../../TIMIT_corpus/timit_wav8000htkfeature/mrml0_sx251.htk
../../TIMIT_corpus/timit_wav8000htkfeature/mrml0_sx341.htk
../../TIMIT_corpus/timit_wav8000htkfeature/mrml0_sx431.htk
../../TIMIT_corpus/timit_wav8000htkfeature/mrml0_sx71.htk
../../TIMIT_corpus/timit_wav8000htkfeature/mrms0_sa1.htk
../../TIMIT_corpus/timit_wav8000htkfeature/mrms0_sa2.htk
../../TIMIT_corpus/timit_wav8000htkfeature/mrms0_si1113.htk
../../TIMIT_corpus/timit_wav8000htkfeature/mrms0_si2057.htk
../../TIMIT_corpus/timit_wav8000htkfeature/mrms0_si2100.htk
../../TIMIT_corpus/timit_wav8000htkfeature/mrms0_sx120.htk
../../TIMIT_corpus/timit_wav8000htkfeature/mrms0_sx210.htk
../../TIMIT_corpus/timit_wav8000htkfeature/mrms0_sx30.htk
../../TIMIT_corpus/timit_wav8000htkfeature/mrms0_sx300.htk
../../TIMIT_corpus/timit_wav8000htkfeature/mrms0_sx390.htk
../../TIMIT_corpus/timit_wav8000htkfeature/mrms1_sa1.htk
../../TIMIT_corpus/timit_wav8000htkfeature/mrms1_sa2.htk
../../TIMIT_corpus/timit_wav8000htkfeature/mrms1_si1487.htk
../../TIMIT_corpus/timit_wav8000htkfeature/mrms1_si2117.htk
../../TIMIT_corpus/timit_wav8000htkfeature/mrms1_si857.htk
../../TIMIT_corpus/timit_wav8000htkfeature/mrms1_sx137.htk
../../TIMIT_corpus/timit_wav8000htkfeature/mrms1_sx227.htk
../../TIMIT_corpus/timit_wav8000htkfeature/mrms1_sx317.htk
../../TIMIT_corpus/timit_wav8000htkfeature/mrms1_sx407.htk
../../TIMIT_corpus/timit_wav8000htkfeature/mrms1_sx47.htk
../../TIMIT_corpus/timit_wav8000htkfeature/mroa0_sa1.htk
../../TIMIT_corpus/timit_wav8000htkfeature/mroa0_sa2.htk
../../TIMIT_corpus/timit_wav8000htkfeature/mroa0_si1307.htk
../../TIMIT_corpus/timit_wav8000htkfeature/mroa0_si1970.htk
../../TIMIT_corpus/timit_wav8000htkfeature/mroa0_si677.htk
../../TIMIT_corpus/timit_wav8000htkfeature/mroa0_sx137.htk
../../TIMIT_corpus/timit_wav8000htkfeature/mroa0_sx227.htk
../../TIMIT_corpus/timit_wav8000htkfeature/mroa0_sx317.htk
../../TIMIT_corpus/timit_wav8000htkfeature/mroa0_sx407.htk
../../TIMIT_corpus/timit_wav8000htkfeature/mroa0_sx47.htk
../../TIMIT_corpus/timit_wav8000htkfeature/mrpc0_sa1.htk
../../TIMIT_corpus/timit_wav8000htkfeature/mrpc0_sa2.htk
../../TIMIT_corpus/timit_wav8000htkfeature/mrpc0_si1753.htk
../../TIMIT_corpus/timit_wav8000htkfeature/mrpc0_si493.htk
../../TIMIT_corpus/timit_wav8000htkfeature/mrpc0_si933.htk
../../TIMIT_corpus/timit_wav8000htkfeature/mrpc0_sx133.htk
../../TIMIT_corpus/timit_wav8000htkfeature/mrpc0_sx223.htk
../../TIMIT_corpus/timit_wav8000htkfeature/mrpc0_sx313.htk
../../TIMIT_corpus/timit_wav8000htkfeature/mrpc0_sx403.htk
../../TIMIT_corpus/timit_wav8000htkfeature/mrpc0_sx43.htk
../../TIMIT_corpus/timit_wav8000htkfeature/mrpc1_sa1.htk
../../TIMIT_corpus/timit_wav8000htkfeature/mrpc1_sa2.htk
../../TIMIT_corpus/timit_wav8000htkfeature/mrpc1_si1482.htk
../../TIMIT_corpus/timit_wav8000htkfeature/mrpc1_si2026.htk
../../TIMIT_corpus/timit_wav8000htkfeature/mrpc1_si2112.htk
../../TIMIT_corpus/timit_wav8000htkfeature/mrpc1_sx132.htk
../../TIMIT_corpus/timit_wav8000htkfeature/mrpc1_sx222.htk
../../TIMIT_corpus/timit_wav8000htkfeature/mrpc1_sx312.htk
../../TIMIT_corpus/timit_wav8000htkfeature/mrpc1_sx402.htk
../../TIMIT_corpus/timit_wav8000htkfeature/mrpc1_sx42.htk
../../TIMIT_corpus/timit_wav8000htkfeature/mrpp0_sa1.htk
../../TIMIT_corpus/timit_wav8000htkfeature/mrpp0_sa2.htk
../../TIMIT_corpus/timit_wav8000htkfeature/mrpp0_si1184.htk
../../TIMIT_corpus/timit_wav8000htkfeature/mrpp0_si1814.htk
../../TIMIT_corpus/timit_wav8000htkfeature/mrpp0_si554.htk
../../TIMIT_corpus/timit_wav8000htkfeature/mrpp0_sx104.htk
../../TIMIT_corpus/timit_wav8000htkfeature/mrpp0_sx14.htk
../../TIMIT_corpus/timit_wav8000htkfeature/mrpp0_sx194.htk
../../TIMIT_corpus/timit_wav8000htkfeature/mrpp0_sx284.htk
../../TIMIT_corpus/timit_wav8000htkfeature/mrpp0_sx374.htk
../../TIMIT_corpus/timit_wav8000htkfeature/mrre0_sa1.htk
../../TIMIT_corpus/timit_wav8000htkfeature/mrre0_sa2.htk
../../TIMIT_corpus/timit_wav8000htkfeature/mrre0_si1334.htk
../../TIMIT_corpus/timit_wav8000htkfeature/mrre0_si704.htk
../../TIMIT_corpus/timit_wav8000htkfeature/mrre0_si952.htk
../../TIMIT_corpus/timit_wav8000htkfeature/mrre0_sx164.htk
../../TIMIT_corpus/timit_wav8000htkfeature/mrre0_sx254.htk
../../TIMIT_corpus/timit_wav8000htkfeature/mrre0_sx344.htk
../../TIMIT_corpus/timit_wav8000htkfeature/mrre0_sx434.htk
../../TIMIT_corpus/timit_wav8000htkfeature/mrre0_sx74.htk
../../TIMIT_corpus/timit_wav8000htkfeature/mrrk0_sa1.htk
../../TIMIT_corpus/timit_wav8000htkfeature/mrrk0_sa2.htk
../../TIMIT_corpus/timit_wav8000htkfeature/mrrk0_si1288.htk
../../TIMIT_corpus/timit_wav8000htkfeature/mrrk0_si1716.htk
../../TIMIT_corpus/timit_wav8000htkfeature/mrrk0_si1918.htk
../../TIMIT_corpus/timit_wav8000htkfeature/mrrk0_sx118.htk
../../TIMIT_corpus/timit_wav8000htkfeature/mrrk0_sx208.htk
../../TIMIT_corpus/timit_wav8000htkfeature/mrrk0_sx28.htk
../../TIMIT_corpus/timit_wav8000htkfeature/mrrk0_sx298.htk
../../TIMIT_corpus/timit_wav8000htkfeature/mrrk0_sx388.htk
../../TIMIT_corpus/timit_wav8000htkfeature/mrso0_sa1.htk
../../TIMIT_corpus/timit_wav8000htkfeature/mrso0_sa2.htk
../../TIMIT_corpus/timit_wav8000htkfeature/mrso0_si1206.htk
../../TIMIT_corpus/timit_wav8000htkfeature/mrso0_si1659.htk
../../TIMIT_corpus/timit_wav8000htkfeature/mrso0_si2289.htk
../../TIMIT_corpus/timit_wav8000htkfeature/mrso0_sx129.htk
../../TIMIT_corpus/timit_wav8000htkfeature/mrso0_sx219.htk
../../TIMIT_corpus/timit_wav8000htkfeature/mrso0_sx309.htk
../../TIMIT_corpus/timit_wav8000htkfeature/mrso0_sx39.htk
../../TIMIT_corpus/timit_wav8000htkfeature/mrso0_sx399.htk
../../TIMIT_corpus/timit_wav8000htkfeature/mrsp0_sa1.htk
../../TIMIT_corpus/timit_wav8000htkfeature/mrsp0_sa2.htk
../../TIMIT_corpus/timit_wav8000htkfeature/mrsp0_si1429.htk
../../TIMIT_corpus/timit_wav8000htkfeature/mrsp0_si2059.htk
../../TIMIT_corpus/timit_wav8000htkfeature/mrsp0_si799.htk
../../TIMIT_corpus/timit_wav8000htkfeature/mrsp0_sx169.htk
../../TIMIT_corpus/timit_wav8000htkfeature/mrsp0_sx196.htk
../../TIMIT_corpus/timit_wav8000htkfeature/mrsp0_sx259.htk
../../TIMIT_corpus/timit_wav8000htkfeature/mrsp0_sx439.htk
../../TIMIT_corpus/timit_wav8000htkfeature/mrsp0_sx79.htk
../../TIMIT_corpus/timit_wav8000htkfeature/mrtc0_sa1.htk
../../TIMIT_corpus/timit_wav8000htkfeature/mrtc0_sa2.htk
../../TIMIT_corpus/timit_wav8000htkfeature/mrtc0_si1458.htk
../../TIMIT_corpus/timit_wav8000htkfeature/mrtc0_si2088.htk
../../TIMIT_corpus/timit_wav8000htkfeature/mrtc0_si828.htk
../../TIMIT_corpus/timit_wav8000htkfeature/mrtc0_sx108.htk
../../TIMIT_corpus/timit_wav8000htkfeature/mrtc0_sx18.htk
../../TIMIT_corpus/timit_wav8000htkfeature/mrtc0_sx198.htk
../../TIMIT_corpus/timit_wav8000htkfeature/mrtc0_sx288.htk
../../TIMIT_corpus/timit_wav8000htkfeature/mrtc0_sx378.htk
../../TIMIT_corpus/timit_wav8000htkfeature/mrtj0_sa1.htk
../../TIMIT_corpus/timit_wav8000htkfeature/mrtj0_sa2.htk
../../TIMIT_corpus/timit_wav8000htkfeature/mrtj0_si1551.htk
../../TIMIT_corpus/timit_wav8000htkfeature/mrtj0_si2032.htk
../../TIMIT_corpus/timit_wav8000htkfeature/mrtj0_si772.htk
../../TIMIT_corpus/timit_wav8000htkfeature/mrtj0_sx142.htk
../../TIMIT_corpus/timit_wav8000htkfeature/mrtj0_sx232.htk
../../TIMIT_corpus/timit_wav8000htkfeature/mrtj0_sx322.htk
../../TIMIT_corpus/timit_wav8000htkfeature/mrtj0_sx412.htk
../../TIMIT_corpus/timit_wav8000htkfeature/mrtj0_sx52.htk
../../TIMIT_corpus/timit_wav8000htkfeature/mrtk0_sa1.htk
../../TIMIT_corpus/timit_wav8000htkfeature/mrtk0_sa2.htk
../../TIMIT_corpus/timit_wav8000htkfeature/mrtk0_si1093.htk
../../TIMIT_corpus/timit_wav8000htkfeature/mrtk0_si1723.htk
../../TIMIT_corpus/timit_wav8000htkfeature/mrtk0_si1750.htk
../../TIMIT_corpus/timit_wav8000htkfeature/mrtk0_sx103.htk
../../TIMIT_corpus/timit_wav8000htkfeature/mrtk0_sx13.htk
../../TIMIT_corpus/timit_wav8000htkfeature/mrtk0_sx193.htk
../../TIMIT_corpus/timit_wav8000htkfeature/mrtk0_sx283.htk
../../TIMIT_corpus/timit_wav8000htkfeature/mrtk0_sx373.htk
../../TIMIT_corpus/timit_wav8000htkfeature/mrvg0_sa1.htk
../../TIMIT_corpus/timit_wav8000htkfeature/mrvg0_sa2.htk
../../TIMIT_corpus/timit_wav8000htkfeature/mrvg0_si1140.htk
../../TIMIT_corpus/timit_wav8000htkfeature/mrvg0_si1770.htk
../../TIMIT_corpus/timit_wav8000htkfeature/mrvg0_si510.htk
../../TIMIT_corpus/timit_wav8000htkfeature/mrvg0_sx150.htk
../../TIMIT_corpus/timit_wav8000htkfeature/mrvg0_sx240.htk
../../TIMIT_corpus/timit_wav8000htkfeature/mrvg0_sx330.htk
../../TIMIT_corpus/timit_wav8000htkfeature/mrvg0_sx420.htk
../../TIMIT_corpus/timit_wav8000htkfeature/mrvg0_sx60.htk
../../TIMIT_corpus/timit_wav8000htkfeature/mrwa0_sa1.htk
../../TIMIT_corpus/timit_wav8000htkfeature/mrwa0_sa2.htk
../../TIMIT_corpus/timit_wav8000htkfeature/mrwa0_si1603.htk
../../TIMIT_corpus/timit_wav8000htkfeature/mrwa0_si2233.htk
../../TIMIT_corpus/timit_wav8000htkfeature/mrwa0_si973.htk
../../TIMIT_corpus/timit_wav8000htkfeature/mrwa0_sx163.htk
../../TIMIT_corpus/timit_wav8000htkfeature/mrwa0_sx253.htk
../../TIMIT_corpus/timit_wav8000htkfeature/mrwa0_sx343.htk
../../TIMIT_corpus/timit_wav8000htkfeature/mrwa0_sx433.htk
../../TIMIT_corpus/timit_wav8000htkfeature/mrwa0_sx73.htk
../../TIMIT_corpus/timit_wav8000htkfeature/mrws0_sa1.htk
../../TIMIT_corpus/timit_wav8000htkfeature/mrws0_sa2.htk
../../TIMIT_corpus/timit_wav8000htkfeature/mrws0_si1102.htk
../../TIMIT_corpus/timit_wav8000htkfeature/mrws0_si1732.htk
../../TIMIT_corpus/timit_wav8000htkfeature/mrws0_si472.htk
../../TIMIT_corpus/timit_wav8000htkfeature/mrws0_sx112.htk
../../TIMIT_corpus/timit_wav8000htkfeature/mrws0_sx202.htk
../../TIMIT_corpus/timit_wav8000htkfeature/mrws0_sx22.htk
../../TIMIT_corpus/timit_wav8000htkfeature/mrws0_sx292.htk
../../TIMIT_corpus/timit_wav8000htkfeature/mrws0_sx382.htk
../../TIMIT_corpus/timit_wav8000htkfeature/mrws1_sa1.htk
../../TIMIT_corpus/timit_wav8000htkfeature/mrws1_sa2.htk
../../TIMIT_corpus/timit_wav8000htkfeature/mrws1_si1130.htk
../../TIMIT_corpus/timit_wav8000htkfeature/mrws1_si1496.htk
../../TIMIT_corpus/timit_wav8000htkfeature/mrws1_si500.htk
../../TIMIT_corpus/timit_wav8000htkfeature/mrws1_sx140.htk
../../TIMIT_corpus/timit_wav8000htkfeature/mrws1_sx230.htk
../../TIMIT_corpus/timit_wav8000htkfeature/mrws1_sx320.htk
../../TIMIT_corpus/timit_wav8000htkfeature/mrws1_sx410.htk
../../TIMIT_corpus/timit_wav8000htkfeature/mrws1_sx50.htk
../../TIMIT_corpus/timit_wav8000htkfeature/mrxb0_sa1.htk
../../TIMIT_corpus/timit_wav8000htkfeature/mrxb0_sa2.htk
../../TIMIT_corpus/timit_wav8000htkfeature/mrxb0_si1585.htk
../../TIMIT_corpus/timit_wav8000htkfeature/mrxb0_si2215.htk
../../TIMIT_corpus/timit_wav8000htkfeature/mrxb0_si955.htk
../../TIMIT_corpus/timit_wav8000htkfeature/mrxb0_sx145.htk
../../TIMIT_corpus/timit_wav8000htkfeature/mrxb0_sx235.htk
../../TIMIT_corpus/timit_wav8000htkfeature/mrxb0_sx325.htk
../../TIMIT_corpus/timit_wav8000htkfeature/mrxb0_sx415.htk
../../TIMIT_corpus/timit_wav8000htkfeature/mrxb0_sx55.htk
../../TIMIT_corpus/timit_wav8000htkfeature/msah1_sa1.htk
../../TIMIT_corpus/timit_wav8000htkfeature/msah1_sa2.htk
../../TIMIT_corpus/timit_wav8000htkfeature/msah1_si1049.htk
../../TIMIT_corpus/timit_wav8000htkfeature/msah1_si1679.htk
../../TIMIT_corpus/timit_wav8000htkfeature/msah1_si2309.htk
../../TIMIT_corpus/timit_wav8000htkfeature/msah1_sx149.htk
../../TIMIT_corpus/timit_wav8000htkfeature/msah1_sx239.htk
../../TIMIT_corpus/timit_wav8000htkfeature/msah1_sx329.htk
../../TIMIT_corpus/timit_wav8000htkfeature/msah1_sx419.htk
../../TIMIT_corpus/timit_wav8000htkfeature/msah1_sx59.htk
../../TIMIT_corpus/timit_wav8000htkfeature/msas0_sa1.htk
../../TIMIT_corpus/timit_wav8000htkfeature/msas0_sa2.htk
../../TIMIT_corpus/timit_wav8000htkfeature/msas0_si1376.htk
../../TIMIT_corpus/timit_wav8000htkfeature/msas0_si2006.htk
../../TIMIT_corpus/timit_wav8000htkfeature/msas0_si746.htk
../../TIMIT_corpus/timit_wav8000htkfeature/msas0_sx116.htk
../../TIMIT_corpus/timit_wav8000htkfeature/msas0_sx206.htk
../../TIMIT_corpus/timit_wav8000htkfeature/msas0_sx26.htk
../../TIMIT_corpus/timit_wav8000htkfeature/msas0_sx296.htk
../../TIMIT_corpus/timit_wav8000htkfeature/msas0_sx386.htk
../../TIMIT_corpus/timit_wav8000htkfeature/msat0_sa1.htk
../../TIMIT_corpus/timit_wav8000htkfeature/msat0_sa2.htk
../../TIMIT_corpus/timit_wav8000htkfeature/msat0_si1526.htk
../../TIMIT_corpus/timit_wav8000htkfeature/msat0_si2156.htk
../../TIMIT_corpus/timit_wav8000htkfeature/msat0_si896.htk
../../TIMIT_corpus/timit_wav8000htkfeature/msat0_sx176.htk
../../TIMIT_corpus/timit_wav8000htkfeature/msat0_sx266.htk
../../TIMIT_corpus/timit_wav8000htkfeature/msat0_sx356.htk
../../TIMIT_corpus/timit_wav8000htkfeature/msat0_sx446.htk
../../TIMIT_corpus/timit_wav8000htkfeature/msat0_sx86.htk
../../TIMIT_corpus/timit_wav8000htkfeature/msat1_sa1.htk
../../TIMIT_corpus/timit_wav8000htkfeature/msat1_sa2.htk
../../TIMIT_corpus/timit_wav8000htkfeature/msat1_si1073.htk
../../TIMIT_corpus/timit_wav8000htkfeature/msat1_si1703.htk
../../TIMIT_corpus/timit_wav8000htkfeature/msat1_si2333.htk
../../TIMIT_corpus/timit_wav8000htkfeature/msat1_sx173.htk
../../TIMIT_corpus/timit_wav8000htkfeature/msat1_sx263.htk
../../TIMIT_corpus/timit_wav8000htkfeature/msat1_sx353.htk
../../TIMIT_corpus/timit_wav8000htkfeature/msat1_sx443.htk
../../TIMIT_corpus/timit_wav8000htkfeature/msat1_sx83.htk
../../TIMIT_corpus/timit_wav8000htkfeature/msdb0_sa1.htk
../../TIMIT_corpus/timit_wav8000htkfeature/msdb0_sa2.htk
../../TIMIT_corpus/timit_wav8000htkfeature/msdb0_si1007.htk
../../TIMIT_corpus/timit_wav8000htkfeature/msdb0_si1637.htk
../../TIMIT_corpus/timit_wav8000htkfeature/msdb0_si2267.htk
../../TIMIT_corpus/timit_wav8000htkfeature/msdb0_sx107.htk
../../TIMIT_corpus/timit_wav8000htkfeature/msdb0_sx17.htk
../../TIMIT_corpus/timit_wav8000htkfeature/msdb0_sx197.htk
../../TIMIT_corpus/timit_wav8000htkfeature/msdb0_sx287.htk
../../TIMIT_corpus/timit_wav8000htkfeature/msdb0_sx377.htk
../../TIMIT_corpus/timit_wav8000htkfeature/msdh0_sa1.htk
../../TIMIT_corpus/timit_wav8000htkfeature/msdh0_sa2.htk
../../TIMIT_corpus/timit_wav8000htkfeature/msdh0_si2113.htk
../../TIMIT_corpus/timit_wav8000htkfeature/msdh0_si2240.htk
../../TIMIT_corpus/timit_wav8000htkfeature/msdh0_si980.htk
../../TIMIT_corpus/timit_wav8000htkfeature/msdh0_sx170.htk
../../TIMIT_corpus/timit_wav8000htkfeature/msdh0_sx260.htk
../../TIMIT_corpus/timit_wav8000htkfeature/msdh0_sx350.htk
../../TIMIT_corpus/timit_wav8000htkfeature/msdh0_sx440.htk
../../TIMIT_corpus/timit_wav8000htkfeature/msdh0_sx80.htk
../../TIMIT_corpus/timit_wav8000htkfeature/msds0_sa1.htk
../../TIMIT_corpus/timit_wav8000htkfeature/msds0_sa2.htk
../../TIMIT_corpus/timit_wav8000htkfeature/msds0_si1077.htk
../../TIMIT_corpus/timit_wav8000htkfeature/msds0_si1707.htk
../../TIMIT_corpus/timit_wav8000htkfeature/msds0_si2337.htk
../../TIMIT_corpus/timit_wav8000htkfeature/msds0_sx177.htk
../../TIMIT_corpus/timit_wav8000htkfeature/msds0_sx267.htk
../../TIMIT_corpus/timit_wav8000htkfeature/msds0_sx357.htk
../../TIMIT_corpus/timit_wav8000htkfeature/msds0_sx447.htk
../../TIMIT_corpus/timit_wav8000htkfeature/msds0_sx87.htk
../../TIMIT_corpus/timit_wav8000htkfeature/msem1_sa1.htk
../../TIMIT_corpus/timit_wav8000htkfeature/msem1_sa2.htk
../../TIMIT_corpus/timit_wav8000htkfeature/msem1_si1440.htk
../../TIMIT_corpus/timit_wav8000htkfeature/msem1_si2070.htk
../../TIMIT_corpus/timit_wav8000htkfeature/msem1_si810.htk
../../TIMIT_corpus/timit_wav8000htkfeature/msem1_sx180.htk
../../TIMIT_corpus/timit_wav8000htkfeature/msem1_sx270.htk
../../TIMIT_corpus/timit_wav8000htkfeature/msem1_sx360.htk
../../TIMIT_corpus/timit_wav8000htkfeature/msem1_sx450.htk
../../TIMIT_corpus/timit_wav8000htkfeature/msem1_sx90.htk
../../TIMIT_corpus/timit_wav8000htkfeature/mses0_sa1.htk
../../TIMIT_corpus/timit_wav8000htkfeature/mses0_sa2.htk
../../TIMIT_corpus/timit_wav8000htkfeature/mses0_si1589.htk
../../TIMIT_corpus/timit_wav8000htkfeature/mses0_si2216.htk
../../TIMIT_corpus/timit_wav8000htkfeature/mses0_si2219.htk
../../TIMIT_corpus/timit_wav8000htkfeature/mses0_sx149.htk
../../TIMIT_corpus/timit_wav8000htkfeature/mses0_sx239.htk
../../TIMIT_corpus/timit_wav8000htkfeature/mses0_sx329.htk
../../TIMIT_corpus/timit_wav8000htkfeature/mses0_sx419.htk
../../TIMIT_corpus/timit_wav8000htkfeature/mses0_sx59.htk
../../TIMIT_corpus/timit_wav8000htkfeature/msfh0_sa1.htk
../../TIMIT_corpus/timit_wav8000htkfeature/msfh0_sa2.htk
../../TIMIT_corpus/timit_wav8000htkfeature/msfh0_si1216.htk
../../TIMIT_corpus/timit_wav8000htkfeature/msfh0_si1738.htk
../../TIMIT_corpus/timit_wav8000htkfeature/msfh0_si586.htk
../../TIMIT_corpus/timit_wav8000htkfeature/msfh0_sx136.htk
../../TIMIT_corpus/timit_wav8000htkfeature/msfh0_sx226.htk
../../TIMIT_corpus/timit_wav8000htkfeature/msfh0_sx316.htk
../../TIMIT_corpus/timit_wav8000htkfeature/msfh0_sx406.htk
../../TIMIT_corpus/timit_wav8000htkfeature/msfh0_sx46.htk
../../TIMIT_corpus/timit_wav8000htkfeature/msfh1_sa1.htk
../../TIMIT_corpus/timit_wav8000htkfeature/msfh1_sa2.htk
../../TIMIT_corpus/timit_wav8000htkfeature/msfh1_si1270.htk
../../TIMIT_corpus/timit_wav8000htkfeature/msfh1_si1900.htk
../../TIMIT_corpus/timit_wav8000htkfeature/msfh1_si640.htk
../../TIMIT_corpus/timit_wav8000htkfeature/msfh1_sx10.htk
../../TIMIT_corpus/timit_wav8000htkfeature/msfh1_sx100.htk
../../TIMIT_corpus/timit_wav8000htkfeature/msfh1_sx190.htk
../../TIMIT_corpus/timit_wav8000htkfeature/msfh1_sx280.htk
../../TIMIT_corpus/timit_wav8000htkfeature/msfh1_sx370.htk
../../TIMIT_corpus/timit_wav8000htkfeature/msfv0_sa1.htk
../../TIMIT_corpus/timit_wav8000htkfeature/msfv0_sa2.htk
../../TIMIT_corpus/timit_wav8000htkfeature/msfv0_si1262.htk
../../TIMIT_corpus/timit_wav8000htkfeature/msfv0_si1892.htk
../../TIMIT_corpus/timit_wav8000htkfeature/msfv0_si632.htk
../../TIMIT_corpus/timit_wav8000htkfeature/msfv0_sx182.htk
../../TIMIT_corpus/timit_wav8000htkfeature/msfv0_sx272.htk
../../TIMIT_corpus/timit_wav8000htkfeature/msfv0_sx362.htk
../../TIMIT_corpus/timit_wav8000htkfeature/msfv0_sx452.htk
../../TIMIT_corpus/timit_wav8000htkfeature/msfv0_sx92.htk
../../TIMIT_corpus/timit_wav8000htkfeature/msjk0_sa1.htk
../../TIMIT_corpus/timit_wav8000htkfeature/msjk0_sa2.htk
../../TIMIT_corpus/timit_wav8000htkfeature/msjk0_si1596.htk
../../TIMIT_corpus/timit_wav8000htkfeature/msjk0_si2226.htk
../../TIMIT_corpus/timit_wav8000htkfeature/msjk0_si966.htk
../../TIMIT_corpus/timit_wav8000htkfeature/msjk0_sx156.htk
../../TIMIT_corpus/timit_wav8000htkfeature/msjk0_sx246.htk
../../TIMIT_corpus/timit_wav8000htkfeature/msjk0_sx336.htk
../../TIMIT_corpus/timit_wav8000htkfeature/msjk0_sx426.htk
../../TIMIT_corpus/timit_wav8000htkfeature/msjk0_sx66.htk
../../TIMIT_corpus/timit_wav8000htkfeature/msjs1_sa1.htk
../../TIMIT_corpus/timit_wav8000htkfeature/msjs1_sa2.htk
../../TIMIT_corpus/timit_wav8000htkfeature/msjs1_si1899.htk
../../TIMIT_corpus/timit_wav8000htkfeature/msjs1_si639.htk
../../TIMIT_corpus/timit_wav8000htkfeature/msjs1_si869.htk
../../TIMIT_corpus/timit_wav8000htkfeature/msjs1_sx189.htk
../../TIMIT_corpus/timit_wav8000htkfeature/msjs1_sx279.htk
../../TIMIT_corpus/timit_wav8000htkfeature/msjs1_sx369.htk
../../TIMIT_corpus/timit_wav8000htkfeature/msjs1_sx9.htk
../../TIMIT_corpus/timit_wav8000htkfeature/msjs1_sx99.htk
../../TIMIT_corpus/timit_wav8000htkfeature/mslb0_sa1.htk
../../TIMIT_corpus/timit_wav8000htkfeature/mslb0_sa2.htk
../../TIMIT_corpus/timit_wav8000htkfeature/mslb0_si1193.htk
../../TIMIT_corpus/timit_wav8000htkfeature/mslb0_si1823.htk
../../TIMIT_corpus/timit_wav8000htkfeature/mslb0_si563.htk
../../TIMIT_corpus/timit_wav8000htkfeature/mslb0_sx113.htk
../../TIMIT_corpus/timit_wav8000htkfeature/mslb0_sx203.htk
../../TIMIT_corpus/timit_wav8000htkfeature/mslb0_sx23.htk
../../TIMIT_corpus/timit_wav8000htkfeature/mslb0_sx293.htk
../../TIMIT_corpus/timit_wav8000htkfeature/mslb0_sx383.htk
../../TIMIT_corpus/timit_wav8000htkfeature/msmc0_sa1.htk
../../TIMIT_corpus/timit_wav8000htkfeature/msmc0_sa2.htk
../../TIMIT_corpus/timit_wav8000htkfeature/msmc0_si1907.htk
../../TIMIT_corpus/timit_wav8000htkfeature/msmc0_si509.htk
../../TIMIT_corpus/timit_wav8000htkfeature/msmc0_si647.htk
../../TIMIT_corpus/timit_wav8000htkfeature/msmc0_sx107.htk
../../TIMIT_corpus/timit_wav8000htkfeature/msmc0_sx17.htk
../../TIMIT_corpus/timit_wav8000htkfeature/msmc0_sx197.htk
../../TIMIT_corpus/timit_wav8000htkfeature/msmc0_sx287.htk
../../TIMIT_corpus/timit_wav8000htkfeature/msmc0_sx377.htk
../../TIMIT_corpus/timit_wav8000htkfeature/msmr0_sa1.htk
../../TIMIT_corpus/timit_wav8000htkfeature/msmr0_sa2.htk
../../TIMIT_corpus/timit_wav8000htkfeature/msmr0_si1150.htk
../../TIMIT_corpus/timit_wav8000htkfeature/msmr0_si1405.htk
../../TIMIT_corpus/timit_wav8000htkfeature/msmr0_si775.htk
../../TIMIT_corpus/timit_wav8000htkfeature/msmr0_sx145.htk
../../TIMIT_corpus/timit_wav8000htkfeature/msmr0_sx235.htk
../../TIMIT_corpus/timit_wav8000htkfeature/msmr0_sx325.htk
../../TIMIT_corpus/timit_wav8000htkfeature/msmr0_sx415.htk
../../TIMIT_corpus/timit_wav8000htkfeature/msmr0_sx55.htk
../../TIMIT_corpus/timit_wav8000htkfeature/msms0_sa1.htk
../../TIMIT_corpus/timit_wav8000htkfeature/msms0_sa2.htk
../../TIMIT_corpus/timit_wav8000htkfeature/msms0_si1433.htk
../../TIMIT_corpus/timit_wav8000htkfeature/msms0_si2063.htk
../../TIMIT_corpus/timit_wav8000htkfeature/msms0_si803.htk
../../TIMIT_corpus/timit_wav8000htkfeature/msms0_sx173.htk
../../TIMIT_corpus/timit_wav8000htkfeature/msms0_sx263.htk
../../TIMIT_corpus/timit_wav8000htkfeature/msms0_sx353.htk
../../TIMIT_corpus/timit_wav8000htkfeature/msms0_sx443.htk
../../TIMIT_corpus/timit_wav8000htkfeature/msms0_sx83.htk
../../TIMIT_corpus/timit_wav8000htkfeature/msrg0_sa1.htk
../../TIMIT_corpus/timit_wav8000htkfeature/msrg0_sa2.htk
../../TIMIT_corpus/timit_wav8000htkfeature/msrg0_si1221.htk
../../TIMIT_corpus/timit_wav8000htkfeature/msrg0_si1851.htk
../../TIMIT_corpus/timit_wav8000htkfeature/msrg0_si591.htk
../../TIMIT_corpus/timit_wav8000htkfeature/msrg0_sx141.htk
../../TIMIT_corpus/timit_wav8000htkfeature/msrg0_sx231.htk
../../TIMIT_corpus/timit_wav8000htkfeature/msrg0_sx321.htk
../../TIMIT_corpus/timit_wav8000htkfeature/msrg0_sx411.htk
../../TIMIT_corpus/timit_wav8000htkfeature/msrg0_sx51.htk
../../TIMIT_corpus/timit_wav8000htkfeature/msrr0_sa1.htk
../../TIMIT_corpus/timit_wav8000htkfeature/msrr0_sa2.htk
../../TIMIT_corpus/timit_wav8000htkfeature/msrr0_si1131.htk
../../TIMIT_corpus/timit_wav8000htkfeature/msrr0_si1761.htk
../../TIMIT_corpus/timit_wav8000htkfeature/msrr0_si501.htk
../../TIMIT_corpus/timit_wav8000htkfeature/msrr0_sx141.htk
../../TIMIT_corpus/timit_wav8000htkfeature/msrr0_sx231.htk
../../TIMIT_corpus/timit_wav8000htkfeature/msrr0_sx30.htk
../../TIMIT_corpus/timit_wav8000htkfeature/msrr0_sx411.htk
../../TIMIT_corpus/timit_wav8000htkfeature/msrr0_sx51.htk
../../TIMIT_corpus/timit_wav8000htkfeature/mstf0_sa1.htk
../../TIMIT_corpus/timit_wav8000htkfeature/mstf0_sa2.htk
../../TIMIT_corpus/timit_wav8000htkfeature/mstf0_si1396.htk
../../TIMIT_corpus/timit_wav8000htkfeature/mstf0_si766.htk
../../TIMIT_corpus/timit_wav8000htkfeature/mstf0_si852.htk
../../TIMIT_corpus/timit_wav8000htkfeature/mstf0_sx136.htk
../../TIMIT_corpus/timit_wav8000htkfeature/mstf0_sx226.htk
../../TIMIT_corpus/timit_wav8000htkfeature/mstf0_sx316.htk
../../TIMIT_corpus/timit_wav8000htkfeature/mstf0_sx406.htk
../../TIMIT_corpus/timit_wav8000htkfeature/mstf0_sx46.htk
../../TIMIT_corpus/timit_wav8000htkfeature/mstk0_sa1.htk
../../TIMIT_corpus/timit_wav8000htkfeature/mstk0_sa2.htk
../../TIMIT_corpus/timit_wav8000htkfeature/mstk0_si1024.htk
../../TIMIT_corpus/timit_wav8000htkfeature/mstk0_si2222.htk
../../TIMIT_corpus/timit_wav8000htkfeature/mstk0_si2284.htk
../../TIMIT_corpus/timit_wav8000htkfeature/mstk0_sx124.htk
../../TIMIT_corpus/timit_wav8000htkfeature/mstk0_sx214.htk
../../TIMIT_corpus/timit_wav8000htkfeature/mstk0_sx304.htk
../../TIMIT_corpus/timit_wav8000htkfeature/mstk0_sx34.htk
../../TIMIT_corpus/timit_wav8000htkfeature/mstk0_sx394.htk
../../TIMIT_corpus/timit_wav8000htkfeature/msvs0_sa1.htk
../../TIMIT_corpus/timit_wav8000htkfeature/msvs0_sa2.htk
../../TIMIT_corpus/timit_wav8000htkfeature/msvs0_si1568.htk
../../TIMIT_corpus/timit_wav8000htkfeature/msvs0_si2198.htk
../../TIMIT_corpus/timit_wav8000htkfeature/msvs0_si938.htk
../../TIMIT_corpus/timit_wav8000htkfeature/msvs0_sx128.htk
../../TIMIT_corpus/timit_wav8000htkfeature/msvs0_sx218.htk
../../TIMIT_corpus/timit_wav8000htkfeature/msvs0_sx308.htk
../../TIMIT_corpus/timit_wav8000htkfeature/msvs0_sx38.htk
../../TIMIT_corpus/timit_wav8000htkfeature/msvs0_sx398.htk
../../TIMIT_corpus/timit_wav8000htkfeature/mtaa0_sa1.htk
../../TIMIT_corpus/timit_wav8000htkfeature/mtaa0_sa2.htk
../../TIMIT_corpus/timit_wav8000htkfeature/mtaa0_si1285.htk
../../TIMIT_corpus/timit_wav8000htkfeature/mtaa0_si1915.htk
../../TIMIT_corpus/timit_wav8000htkfeature/mtaa0_si596.htk
../../TIMIT_corpus/timit_wav8000htkfeature/mtaa0_sx115.htk
../../TIMIT_corpus/timit_wav8000htkfeature/mtaa0_sx205.htk
../../TIMIT_corpus/timit_wav8000htkfeature/mtaa0_sx25.htk
../../TIMIT_corpus/timit_wav8000htkfeature/mtaa0_sx295.htk
../../TIMIT_corpus/timit_wav8000htkfeature/mtaa0_sx385.htk
../../TIMIT_corpus/timit_wav8000htkfeature/mtab0_sa1.htk
../../TIMIT_corpus/timit_wav8000htkfeature/mtab0_sa2.htk
../../TIMIT_corpus/timit_wav8000htkfeature/mtab0_si1572.htk
../../TIMIT_corpus/timit_wav8000htkfeature/mtab0_si2202.htk
../../TIMIT_corpus/timit_wav8000htkfeature/mtab0_si942.htk
../../TIMIT_corpus/timit_wav8000htkfeature/mtab0_sx132.htk
../../TIMIT_corpus/timit_wav8000htkfeature/mtab0_sx222.htk
../../TIMIT_corpus/timit_wav8000htkfeature/mtab0_sx312.htk
../../TIMIT_corpus/timit_wav8000htkfeature/mtab0_sx402.htk
../../TIMIT_corpus/timit_wav8000htkfeature/mtab0_sx42.htk
../../TIMIT_corpus/timit_wav8000htkfeature/mtas0_sa1.htk
../../TIMIT_corpus/timit_wav8000htkfeature/mtas0_sa2.htk
../../TIMIT_corpus/timit_wav8000htkfeature/mtas0_si1385.htk
../../TIMIT_corpus/timit_wav8000htkfeature/mtas0_si2015.htk
../../TIMIT_corpus/timit_wav8000htkfeature/mtas0_si755.htk
../../TIMIT_corpus/timit_wav8000htkfeature/mtas0_sx125.htk
../../TIMIT_corpus/timit_wav8000htkfeature/mtas0_sx215.htk
../../TIMIT_corpus/timit_wav8000htkfeature/mtas0_sx305.htk
../../TIMIT_corpus/timit_wav8000htkfeature/mtas0_sx35.htk
../../TIMIT_corpus/timit_wav8000htkfeature/mtas0_sx395.htk
../../TIMIT_corpus/timit_wav8000htkfeature/mtas1_sa1.htk
../../TIMIT_corpus/timit_wav8000htkfeature/mtas1_sa2.htk
../../TIMIT_corpus/timit_wav8000htkfeature/mtas1_si1473.htk
../../TIMIT_corpus/timit_wav8000htkfeature/mtas1_si2098.htk
../../TIMIT_corpus/timit_wav8000htkfeature/mtas1_si838.htk
../../TIMIT_corpus/timit_wav8000htkfeature/mtas1_sx118.htk
../../TIMIT_corpus/timit_wav8000htkfeature/mtas1_sx208.htk
../../TIMIT_corpus/timit_wav8000htkfeature/mtas1_sx28.htk
../../TIMIT_corpus/timit_wav8000htkfeature/mtas1_sx298.htk
../../TIMIT_corpus/timit_wav8000htkfeature/mtas1_sx388.htk
../../TIMIT_corpus/timit_wav8000htkfeature/mtat0_sa1.htk
../../TIMIT_corpus/timit_wav8000htkfeature/mtat0_sa2.htk
../../TIMIT_corpus/timit_wav8000htkfeature/mtat0_si1110.htk
../../TIMIT_corpus/timit_wav8000htkfeature/mtat0_si1740.htk
../../TIMIT_corpus/timit_wav8000htkfeature/mtat0_si811.htk
../../TIMIT_corpus/timit_wav8000htkfeature/mtat0_sx120.htk
../../TIMIT_corpus/timit_wav8000htkfeature/mtat0_sx210.htk
../../TIMIT_corpus/timit_wav8000htkfeature/mtat0_sx30.htk
../../TIMIT_corpus/timit_wav8000htkfeature/mtat0_sx300.htk
../../TIMIT_corpus/timit_wav8000htkfeature/mtat0_sx390.htk
../../TIMIT_corpus/timit_wav8000htkfeature/mtat1_sa1.htk
../../TIMIT_corpus/timit_wav8000htkfeature/mtat1_sa2.htk
../../TIMIT_corpus/timit_wav8000htkfeature/mtat1_si1409.htk
../../TIMIT_corpus/timit_wav8000htkfeature/mtat1_si1627.htk
../../TIMIT_corpus/timit_wav8000htkfeature/mtat1_si779.htk
../../TIMIT_corpus/timit_wav8000htkfeature/mtat1_sx149.htk
../../TIMIT_corpus/timit_wav8000htkfeature/mtat1_sx239.htk
../../TIMIT_corpus/timit_wav8000htkfeature/mtat1_sx329.htk
../../TIMIT_corpus/timit_wav8000htkfeature/mtat1_sx419.htk
../../TIMIT_corpus/timit_wav8000htkfeature/mtat1_sx59.htk
../../TIMIT_corpus/timit_wav8000htkfeature/mtbc0_sa1.htk
../../TIMIT_corpus/timit_wav8000htkfeature/mtbc0_sa2.htk
../../TIMIT_corpus/timit_wav8000htkfeature/mtbc0_si1173.htk
../../TIMIT_corpus/timit_wav8000htkfeature/mtbc0_si1803.htk
../../TIMIT_corpus/timit_wav8000htkfeature/mtbc0_si543.htk
../../TIMIT_corpus/timit_wav8000htkfeature/mtbc0_sx183.htk
../../TIMIT_corpus/timit_wav8000htkfeature/mtbc0_sx273.htk
../../TIMIT_corpus/timit_wav8000htkfeature/mtbc0_sx347.htk
../../TIMIT_corpus/timit_wav8000htkfeature/mtbc0_sx363.htk
../../TIMIT_corpus/timit_wav8000htkfeature/mtbc0_sx93.htk
../../TIMIT_corpus/timit_wav8000htkfeature/mtcs0_sa1.htk
../../TIMIT_corpus/timit_wav8000htkfeature/mtcs0_sa2.htk
../../TIMIT_corpus/timit_wav8000htkfeature/mtcs0_si1972.htk
../../TIMIT_corpus/timit_wav8000htkfeature/mtcs0_si2265.htk
../../TIMIT_corpus/timit_wav8000htkfeature/mtcs0_si712.htk
../../TIMIT_corpus/timit_wav8000htkfeature/mtcs0_sx172.htk
../../TIMIT_corpus/timit_wav8000htkfeature/mtcs0_sx262.htk
../../TIMIT_corpus/timit_wav8000htkfeature/mtcs0_sx352.htk
../../TIMIT_corpus/timit_wav8000htkfeature/mtcs0_sx442.htk
../../TIMIT_corpus/timit_wav8000htkfeature/mtcs0_sx82.htk
../../TIMIT_corpus/timit_wav8000htkfeature/mtdb0_sa1.htk
../../TIMIT_corpus/timit_wav8000htkfeature/mtdb0_sa2.htk
../../TIMIT_corpus/timit_wav8000htkfeature/mtdb0_si1401.htk
../../TIMIT_corpus/timit_wav8000htkfeature/mtdb0_si2031.htk
../../TIMIT_corpus/timit_wav8000htkfeature/mtdb0_si771.htk
../../TIMIT_corpus/timit_wav8000htkfeature/mtdb0_sx141.htk
../../TIMIT_corpus/timit_wav8000htkfeature/mtdb0_sx231.htk
../../TIMIT_corpus/timit_wav8000htkfeature/mtdb0_sx321.htk
../../TIMIT_corpus/timit_wav8000htkfeature/mtdb0_sx411.htk
../../TIMIT_corpus/timit_wav8000htkfeature/mtdb0_sx51.htk
../../TIMIT_corpus/timit_wav8000htkfeature/mtdp0_sa1.htk
../../TIMIT_corpus/timit_wav8000htkfeature/mtdp0_sa2.htk
../../TIMIT_corpus/timit_wav8000htkfeature/mtdp0_si1274.htk
../../TIMIT_corpus/timit_wav8000htkfeature/mtdp0_si1521.htk
../../TIMIT_corpus/timit_wav8000htkfeature/mtdp0_si2151.htk
../../TIMIT_corpus/timit_wav8000htkfeature/mtdp0_sx171.htk
../../TIMIT_corpus/timit_wav8000htkfeature/mtdp0_sx261.htk
../../TIMIT_corpus/timit_wav8000htkfeature/mtdp0_sx351.htk
../../TIMIT_corpus/timit_wav8000htkfeature/mtdp0_sx441.htk
../../TIMIT_corpus/timit_wav8000htkfeature/mtdp0_sx81.htk
../../TIMIT_corpus/timit_wav8000htkfeature/mtdt0_sa1.htk
../../TIMIT_corpus/timit_wav8000htkfeature/mtdt0_sa2.htk
../../TIMIT_corpus/timit_wav8000htkfeature/mtdt0_si1994.htk
../../TIMIT_corpus/timit_wav8000htkfeature/mtdt0_si2254.htk
../../TIMIT_corpus/timit_wav8000htkfeature/mtdt0_si994.htk
../../TIMIT_corpus/timit_wav8000htkfeature/mtdt0_sx184.htk
../../TIMIT_corpus/timit_wav8000htkfeature/mtdt0_sx274.htk
../../TIMIT_corpus/timit_wav8000htkfeature/mtdt0_sx364.htk
../../TIMIT_corpus/timit_wav8000htkfeature/mtdt0_sx4.htk
../../TIMIT_corpus/timit_wav8000htkfeature/mtdt0_sx94.htk
../../TIMIT_corpus/timit_wav8000htkfeature/mteb0_sa1.htk
../../TIMIT_corpus/timit_wav8000htkfeature/mteb0_sa2.htk
../../TIMIT_corpus/timit_wav8000htkfeature/mteb0_si1133.htk
../../TIMIT_corpus/timit_wav8000htkfeature/mteb0_si2064.htk
../../TIMIT_corpus/timit_wav8000htkfeature/mteb0_si503.htk
../../TIMIT_corpus/timit_wav8000htkfeature/mteb0_sx143.htk
../../TIMIT_corpus/timit_wav8000htkfeature/mteb0_sx233.htk
../../TIMIT_corpus/timit_wav8000htkfeature/mteb0_sx323.htk
../../TIMIT_corpus/timit_wav8000htkfeature/mteb0_sx413.htk
../../TIMIT_corpus/timit_wav8000htkfeature/mteb0_sx53.htk
../../TIMIT_corpus/timit_wav8000htkfeature/mter0_sa1.htk
../../TIMIT_corpus/timit_wav8000htkfeature/mter0_sa2.htk
../../TIMIT_corpus/timit_wav8000htkfeature/mter0_si1157.htk
../../TIMIT_corpus/timit_wav8000htkfeature/mter0_si1787.htk
../../TIMIT_corpus/timit_wav8000htkfeature/mter0_si527.htk
../../TIMIT_corpus/timit_wav8000htkfeature/mter0_sx167.htk
../../TIMIT_corpus/timit_wav8000htkfeature/mter0_sx17.htk
../../TIMIT_corpus/timit_wav8000htkfeature/mter0_sx257.htk
../../TIMIT_corpus/timit_wav8000htkfeature/mter0_sx437.htk
../../TIMIT_corpus/timit_wav8000htkfeature/mter0_sx77.htk
../../TIMIT_corpus/timit_wav8000htkfeature/mthc0_sa1.htk
../../TIMIT_corpus/timit_wav8000htkfeature/mthc0_sa2.htk
../../TIMIT_corpus/timit_wav8000htkfeature/mthc0_si1015.htk
../../TIMIT_corpus/timit_wav8000htkfeature/mthc0_si1645.htk
../../TIMIT_corpus/timit_wav8000htkfeature/mthc0_si2275.htk
../../TIMIT_corpus/timit_wav8000htkfeature/mthc0_sx115.htk
../../TIMIT_corpus/timit_wav8000htkfeature/mthc0_sx205.htk
../../TIMIT_corpus/timit_wav8000htkfeature/mthc0_sx25.htk
../../TIMIT_corpus/timit_wav8000htkfeature/mthc0_sx295.htk
../../TIMIT_corpus/timit_wav8000htkfeature/mthc0_sx385.htk
../../TIMIT_corpus/timit_wav8000htkfeature/mtjg0_sa1.htk
../../TIMIT_corpus/timit_wav8000htkfeature/mtjg0_sa2.htk
../../TIMIT_corpus/timit_wav8000htkfeature/mtjg0_si1520.htk
../../TIMIT_corpus/timit_wav8000htkfeature/mtjg0_si2157.htk
../../TIMIT_corpus/timit_wav8000htkfeature/mtjg0_si890.htk
../../TIMIT_corpus/timit_wav8000htkfeature/mtjg0_sx170.htk
../../TIMIT_corpus/timit_wav8000htkfeature/mtjg0_sx260.htk
../../TIMIT_corpus/timit_wav8000htkfeature/mtjg0_sx350.htk
../../TIMIT_corpus/timit_wav8000htkfeature/mtjg0_sx440.htk
../../TIMIT_corpus/timit_wav8000htkfeature/mtjg0_sx80.htk
../../TIMIT_corpus/timit_wav8000htkfeature/mtjm0_sa1.htk
../../TIMIT_corpus/timit_wav8000htkfeature/mtjm0_sa2.htk
../../TIMIT_corpus/timit_wav8000htkfeature/mtjm0_si1226.htk
../../TIMIT_corpus/timit_wav8000htkfeature/mtjm0_si1856.htk
../../TIMIT_corpus/timit_wav8000htkfeature/mtjm0_si655.htk
../../TIMIT_corpus/timit_wav8000htkfeature/mtjm0_sx146.htk
../../TIMIT_corpus/timit_wav8000htkfeature/mtjm0_sx236.htk
../../TIMIT_corpus/timit_wav8000htkfeature/mtjm0_sx326.htk
../../TIMIT_corpus/timit_wav8000htkfeature/mtjm0_sx416.htk
../../TIMIT_corpus/timit_wav8000htkfeature/mtjm0_sx56.htk
../../TIMIT_corpus/timit_wav8000htkfeature/mtjs0_sa1.htk
../../TIMIT_corpus/timit_wav8000htkfeature/mtjs0_sa2.htk
../../TIMIT_corpus/timit_wav8000htkfeature/mtjs0_si1192.htk
../../TIMIT_corpus/timit_wav8000htkfeature/mtjs0_si1822.htk
../../TIMIT_corpus/timit_wav8000htkfeature/mtjs0_si562.htk
../../TIMIT_corpus/timit_wav8000htkfeature/mtjs0_sx112.htk
../../TIMIT_corpus/timit_wav8000htkfeature/mtjs0_sx202.htk
../../TIMIT_corpus/timit_wav8000htkfeature/mtjs0_sx22.htk
../../TIMIT_corpus/timit_wav8000htkfeature/mtjs0_sx292.htk
../../TIMIT_corpus/timit_wav8000htkfeature/mtjs0_sx382.htk
../../TIMIT_corpus/timit_wav8000htkfeature/mtju0_sa1.htk
../../TIMIT_corpus/timit_wav8000htkfeature/mtju0_sa2.htk
../../TIMIT_corpus/timit_wav8000htkfeature/mtju0_si2020.htk
../../TIMIT_corpus/timit_wav8000htkfeature/mtju0_si2269.htk
../../TIMIT_corpus/timit_wav8000htkfeature/mtju0_si760.htk
../../TIMIT_corpus/timit_wav8000htkfeature/mtju0_sx130.htk
../../TIMIT_corpus/timit_wav8000htkfeature/mtju0_sx220.htk
../../TIMIT_corpus/timit_wav8000htkfeature/mtju0_sx310.htk
../../TIMIT_corpus/timit_wav8000htkfeature/mtju0_sx40.htk
../../TIMIT_corpus/timit_wav8000htkfeature/mtju0_sx400.htk
../../TIMIT_corpus/timit_wav8000htkfeature/mtkd0_sa1.htk
../../TIMIT_corpus/timit_wav8000htkfeature/mtkd0_sa2.htk
../../TIMIT_corpus/timit_wav8000htkfeature/mtkd0_si1187.htk
../../TIMIT_corpus/timit_wav8000htkfeature/mtkd0_si1817.htk
../../TIMIT_corpus/timit_wav8000htkfeature/mtkd0_si630.htk
../../TIMIT_corpus/timit_wav8000htkfeature/mtkd0_sx107.htk
../../TIMIT_corpus/timit_wav8000htkfeature/mtkd0_sx17.htk
../../TIMIT_corpus/timit_wav8000htkfeature/mtkd0_sx197.htk
../../TIMIT_corpus/timit_wav8000htkfeature/mtkd0_sx287.htk
../../TIMIT_corpus/timit_wav8000htkfeature/mtkd0_sx377.htk
../../TIMIT_corpus/timit_wav8000htkfeature/mtkp0_sa1.htk
../../TIMIT_corpus/timit_wav8000htkfeature/mtkp0_sa2.htk
../../TIMIT_corpus/timit_wav8000htkfeature/mtkp0_si1023.htk
../../TIMIT_corpus/timit_wav8000htkfeature/mtkp0_si2283.htk
../../TIMIT_corpus/timit_wav8000htkfeature/mtkp0_si454.htk
../../TIMIT_corpus/timit_wav8000htkfeature/mtkp0_sx123.htk
../../TIMIT_corpus/timit_wav8000htkfeature/mtkp0_sx213.htk
../../TIMIT_corpus/timit_wav8000htkfeature/mtkp0_sx303.htk
../../TIMIT_corpus/timit_wav8000htkfeature/mtkp0_sx33.htk
../../TIMIT_corpus/timit_wav8000htkfeature/mtkp0_sx393.htk
../../TIMIT_corpus/timit_wav8000htkfeature/mtlb0_sa1.htk
../../TIMIT_corpus/timit_wav8000htkfeature/mtlb0_sa2.htk
../../TIMIT_corpus/timit_wav8000htkfeature/mtlb0_si1134.htk
../../TIMIT_corpus/timit_wav8000htkfeature/mtlb0_si1764.htk
../../TIMIT_corpus/timit_wav8000htkfeature/mtlb0_si504.htk
../../TIMIT_corpus/timit_wav8000htkfeature/mtlb0_sx144.htk
../../TIMIT_corpus/timit_wav8000htkfeature/mtlb0_sx234.htk
../../TIMIT_corpus/timit_wav8000htkfeature/mtlb0_sx324.htk
../../TIMIT_corpus/timit_wav8000htkfeature/mtlb0_sx414.htk
../../TIMIT_corpus/timit_wav8000htkfeature/mtlb0_sx54.htk
../../TIMIT_corpus/timit_wav8000htkfeature/mtlc0_sa1.htk
../../TIMIT_corpus/timit_wav8000htkfeature/mtlc0_sa2.htk
../../TIMIT_corpus/timit_wav8000htkfeature/mtlc0_si1313.htk
../../TIMIT_corpus/timit_wav8000htkfeature/mtlc0_si1477.htk
../../TIMIT_corpus/timit_wav8000htkfeature/mtlc0_si847.htk
../../TIMIT_corpus/timit_wav8000htkfeature/mtlc0_sx127.htk
../../TIMIT_corpus/timit_wav8000htkfeature/mtlc0_sx217.htk
../../TIMIT_corpus/timit_wav8000htkfeature/mtlc0_sx307.htk
../../TIMIT_corpus/timit_wav8000htkfeature/mtlc0_sx37.htk
../../TIMIT_corpus/timit_wav8000htkfeature/mtlc0_sx397.htk
../../TIMIT_corpus/timit_wav8000htkfeature/mtls0_sa1.htk
../../TIMIT_corpus/timit_wav8000htkfeature/mtls0_sa2.htk
../../TIMIT_corpus/timit_wav8000htkfeature/mtls0_si1370.htk
../../TIMIT_corpus/timit_wav8000htkfeature/mtls0_si2000.htk
../../TIMIT_corpus/timit_wav8000htkfeature/mtls0_si740.htk
../../TIMIT_corpus/timit_wav8000htkfeature/mtls0_sx110.htk
../../TIMIT_corpus/timit_wav8000htkfeature/mtls0_sx20.htk
../../TIMIT_corpus/timit_wav8000htkfeature/mtls0_sx200.htk
../../TIMIT_corpus/timit_wav8000htkfeature/mtls0_sx290.htk
../../TIMIT_corpus/timit_wav8000htkfeature/mtls0_sx380.htk
../../TIMIT_corpus/timit_wav8000htkfeature/mtml0_sa1.htk
../../TIMIT_corpus/timit_wav8000htkfeature/mtml0_sa2.htk
../../TIMIT_corpus/timit_wav8000htkfeature/mtml0_si1065.htk
../../TIMIT_corpus/timit_wav8000htkfeature/mtml0_si1695.htk
../../TIMIT_corpus/timit_wav8000htkfeature/mtml0_si2325.htk
../../TIMIT_corpus/timit_wav8000htkfeature/mtml0_sx165.htk
../../TIMIT_corpus/timit_wav8000htkfeature/mtml0_sx255.htk
../../TIMIT_corpus/timit_wav8000htkfeature/mtml0_sx345.htk
../../TIMIT_corpus/timit_wav8000htkfeature/mtml0_sx435.htk
../../TIMIT_corpus/timit_wav8000htkfeature/mtml0_sx75.htk
../../TIMIT_corpus/timit_wav8000htkfeature/mtmn0_sa1.htk
../../TIMIT_corpus/timit_wav8000htkfeature/mtmn0_sa2.htk
../../TIMIT_corpus/timit_wav8000htkfeature/mtmn0_si1064.htk
../../TIMIT_corpus/timit_wav8000htkfeature/mtmn0_si2324.htk
../../TIMIT_corpus/timit_wav8000htkfeature/mtmn0_si582.htk
../../TIMIT_corpus/timit_wav8000htkfeature/mtmn0_sx164.htk
../../TIMIT_corpus/timit_wav8000htkfeature/mtmn0_sx254.htk
../../TIMIT_corpus/timit_wav8000htkfeature/mtmn0_sx344.htk
../../TIMIT_corpus/timit_wav8000htkfeature/mtmn0_sx434.htk
../../TIMIT_corpus/timit_wav8000htkfeature/mtmn0_sx74.htk
../../TIMIT_corpus/timit_wav8000htkfeature/mtmr0_sa1.htk
../../TIMIT_corpus/timit_wav8000htkfeature/mtmr0_sa2.htk
../../TIMIT_corpus/timit_wav8000htkfeature/mtmr0_si1303.htk
../../TIMIT_corpus/timit_wav8000htkfeature/mtmr0_si1933.htk
../../TIMIT_corpus/timit_wav8000htkfeature/mtmr0_si673.htk
../../TIMIT_corpus/timit_wav8000htkfeature/mtmr0_sx133.htk
../../TIMIT_corpus/timit_wav8000htkfeature/mtmr0_sx223.htk
../../TIMIT_corpus/timit_wav8000htkfeature/mtmr0_sx313.htk
../../TIMIT_corpus/timit_wav8000htkfeature/mtmr0_sx403.htk
../../TIMIT_corpus/timit_wav8000htkfeature/mtmr0_sx43.htk
../../TIMIT_corpus/timit_wav8000htkfeature/mtmt0_sa1.htk
../../TIMIT_corpus/timit_wav8000htkfeature/mtmt0_sa2.htk
../../TIMIT_corpus/timit_wav8000htkfeature/mtmt0_si1118.htk
../../TIMIT_corpus/timit_wav8000htkfeature/mtmt0_si1748.htk
../../TIMIT_corpus/timit_wav8000htkfeature/mtmt0_si488.htk
../../TIMIT_corpus/timit_wav8000htkfeature/mtmt0_sx128.htk
../../TIMIT_corpus/timit_wav8000htkfeature/mtmt0_sx218.htk
../../TIMIT_corpus/timit_wav8000htkfeature/mtmt0_sx308.htk
../../TIMIT_corpus/timit_wav8000htkfeature/mtmt0_sx38.htk
../../TIMIT_corpus/timit_wav8000htkfeature/mtmt0_sx398.htk
../../TIMIT_corpus/timit_wav8000htkfeature/mtpf0_sa1.htk
../../TIMIT_corpus/timit_wav8000htkfeature/mtpf0_sa2.htk
../../TIMIT_corpus/timit_wav8000htkfeature/mtpf0_si1235.htk
../../TIMIT_corpus/timit_wav8000htkfeature/mtpf0_si1865.htk
../../TIMIT_corpus/timit_wav8000htkfeature/mtpf0_si605.htk
../../TIMIT_corpus/timit_wav8000htkfeature/mtpf0_sx155.htk
../../TIMIT_corpus/timit_wav8000htkfeature/mtpf0_sx245.htk
../../TIMIT_corpus/timit_wav8000htkfeature/mtpf0_sx335.htk
../../TIMIT_corpus/timit_wav8000htkfeature/mtpf0_sx425.htk
../../TIMIT_corpus/timit_wav8000htkfeature/mtpf0_sx65.htk
../../TIMIT_corpus/timit_wav8000htkfeature/mtpg0_sa1.htk
../../TIMIT_corpus/timit_wav8000htkfeature/mtpg0_sa2.htk
../../TIMIT_corpus/timit_wav8000htkfeature/mtpg0_si1383.htk
../../TIMIT_corpus/timit_wav8000htkfeature/mtpg0_si2013.htk
../../TIMIT_corpus/timit_wav8000htkfeature/mtpg0_si753.htk
../../TIMIT_corpus/timit_wav8000htkfeature/mtpg0_sx123.htk
../../TIMIT_corpus/timit_wav8000htkfeature/mtpg0_sx213.htk
../../TIMIT_corpus/timit_wav8000htkfeature/mtpg0_sx303.htk
../../TIMIT_corpus/timit_wav8000htkfeature/mtpg0_sx33.htk
../../TIMIT_corpus/timit_wav8000htkfeature/mtpg0_sx393.htk
../../TIMIT_corpus/timit_wav8000htkfeature/mtpp0_sa1.htk
../../TIMIT_corpus/timit_wav8000htkfeature/mtpp0_sa2.htk
../../TIMIT_corpus/timit_wav8000htkfeature/mtpp0_si1508.htk
../../TIMIT_corpus/timit_wav8000htkfeature/mtpp0_si2138.htk
../../TIMIT_corpus/timit_wav8000htkfeature/mtpp0_si878.htk
../../TIMIT_corpus/timit_wav8000htkfeature/mtpp0_sx158.htk
../../TIMIT_corpus/timit_wav8000htkfeature/mtpp0_sx248.htk
../../TIMIT_corpus/timit_wav8000htkfeature/mtpp0_sx338.htk
../../TIMIT_corpus/timit_wav8000htkfeature/mtpp0_sx428.htk
../../TIMIT_corpus/timit_wav8000htkfeature/mtpp0_sx68.htk
../../TIMIT_corpus/timit_wav8000htkfeature/mtpr0_sa1.htk
../../TIMIT_corpus/timit_wav8000htkfeature/mtpr0_sa2.htk
../../TIMIT_corpus/timit_wav8000htkfeature/mtpr0_si1600.htk
../../TIMIT_corpus/timit_wav8000htkfeature/mtpr0_si2230.htk
../../TIMIT_corpus/timit_wav8000htkfeature/mtpr0_si506.htk
../../TIMIT_corpus/timit_wav8000htkfeature/mtpr0_sx160.htk
../../TIMIT_corpus/timit_wav8000htkfeature/mtpr0_sx250.htk
../../TIMIT_corpus/timit_wav8000htkfeature/mtpr0_sx340.htk
../../TIMIT_corpus/timit_wav8000htkfeature/mtpr0_sx430.htk
../../TIMIT_corpus/timit_wav8000htkfeature/mtpr0_sx70.htk
../../TIMIT_corpus/timit_wav8000htkfeature/mtqc0_sa1.htk
../../TIMIT_corpus/timit_wav8000htkfeature/mtqc0_sa2.htk
../../TIMIT_corpus/timit_wav8000htkfeature/mtqc0_si1441.htk
../../TIMIT_corpus/timit_wav8000htkfeature/mtqc0_si2071.htk
../../TIMIT_corpus/timit_wav8000htkfeature/mtqc0_si480.htk
../../TIMIT_corpus/timit_wav8000htkfeature/mtqc0_sx181.htk
../../TIMIT_corpus/timit_wav8000htkfeature/mtqc0_sx271.htk
../../TIMIT_corpus/timit_wav8000htkfeature/mtqc0_sx361.htk
../../TIMIT_corpus/timit_wav8000htkfeature/mtqc0_sx451.htk
../../TIMIT_corpus/timit_wav8000htkfeature/mtqc0_sx91.htk
../../TIMIT_corpus/timit_wav8000htkfeature/mtrc0_sa1.htk
../../TIMIT_corpus/timit_wav8000htkfeature/mtrc0_sa2.htk
../../TIMIT_corpus/timit_wav8000htkfeature/mtrc0_si1623.htk
../../TIMIT_corpus/timit_wav8000htkfeature/mtrc0_si589.htk
../../TIMIT_corpus/timit_wav8000htkfeature/mtrc0_si993.htk
../../TIMIT_corpus/timit_wav8000htkfeature/mtrc0_sx170.htk
../../TIMIT_corpus/timit_wav8000htkfeature/mtrc0_sx183.htk
../../TIMIT_corpus/timit_wav8000htkfeature/mtrc0_sx273.htk
../../TIMIT_corpus/timit_wav8000htkfeature/mtrc0_sx363.htk
../../TIMIT_corpus/timit_wav8000htkfeature/mtrc0_sx93.htk
../../TIMIT_corpus/timit_wav8000htkfeature/mtrr0_sa1.htk
../../TIMIT_corpus/timit_wav8000htkfeature/mtrr0_sa2.htk
../../TIMIT_corpus/timit_wav8000htkfeature/mtrr0_si1548.htk
../../TIMIT_corpus/timit_wav8000htkfeature/mtrr0_si2178.htk
../../TIMIT_corpus/timit_wav8000htkfeature/mtrr0_si918.htk
../../TIMIT_corpus/timit_wav8000htkfeature/mtrr0_sx108.htk
../../TIMIT_corpus/timit_wav8000htkfeature/mtrr0_sx18.htk
../../TIMIT_corpus/timit_wav8000htkfeature/mtrr0_sx198.htk
../../TIMIT_corpus/timit_wav8000htkfeature/mtrr0_sx288.htk
../../TIMIT_corpus/timit_wav8000htkfeature/mtrr0_sx378.htk
../../TIMIT_corpus/timit_wav8000htkfeature/mtrt0_sa1.htk
../../TIMIT_corpus/timit_wav8000htkfeature/mtrt0_sa2.htk
../../TIMIT_corpus/timit_wav8000htkfeature/mtrt0_si1227.htk
../../TIMIT_corpus/timit_wav8000htkfeature/mtrt0_si1857.htk
../../TIMIT_corpus/timit_wav8000htkfeature/mtrt0_si597.htk
../../TIMIT_corpus/timit_wav8000htkfeature/mtrt0_sx147.htk
../../TIMIT_corpus/timit_wav8000htkfeature/mtrt0_sx237.htk
../../TIMIT_corpus/timit_wav8000htkfeature/mtrt0_sx254.htk
../../TIMIT_corpus/timit_wav8000htkfeature/mtrt0_sx417.htk
../../TIMIT_corpus/timit_wav8000htkfeature/mtrt0_sx57.htk
../../TIMIT_corpus/timit_wav8000htkfeature/mtwh0_sa1.htk
../../TIMIT_corpus/timit_wav8000htkfeature/mtwh0_sa2.htk
../../TIMIT_corpus/timit_wav8000htkfeature/mtwh0_si1190.htk
../../TIMIT_corpus/timit_wav8000htkfeature/mtwh0_si1629.htk
../../TIMIT_corpus/timit_wav8000htkfeature/mtwh0_si1820.htk
../../TIMIT_corpus/timit_wav8000htkfeature/mtwh0_sx110.htk
../../TIMIT_corpus/timit_wav8000htkfeature/mtwh0_sx20.htk
../../TIMIT_corpus/timit_wav8000htkfeature/mtwh0_sx200.htk
../../TIMIT_corpus/timit_wav8000htkfeature/mtwh0_sx290.htk
../../TIMIT_corpus/timit_wav8000htkfeature/mtwh0_sx380.htk
../../TIMIT_corpus/timit_wav8000htkfeature/mtwh1_sa1.htk
../../TIMIT_corpus/timit_wav8000htkfeature/mtwh1_sa2.htk
../../TIMIT_corpus/timit_wav8000htkfeature/mtwh1_si1512.htk
../../TIMIT_corpus/timit_wav8000htkfeature/mtwh1_si2142.htk
../../TIMIT_corpus/timit_wav8000htkfeature/mtwh1_si882.htk
../../TIMIT_corpus/timit_wav8000htkfeature/mtwh1_sx162.htk
../../TIMIT_corpus/timit_wav8000htkfeature/mtwh1_sx252.htk
../../TIMIT_corpus/timit_wav8000htkfeature/mtwh1_sx342.htk
../../TIMIT_corpus/timit_wav8000htkfeature/mtwh1_sx432.htk
../../TIMIT_corpus/timit_wav8000htkfeature/mtwh1_sx72.htk
../../TIMIT_corpus/timit_wav8000htkfeature/mtxs0_sa1.htk
../../TIMIT_corpus/timit_wav8000htkfeature/mtxs0_sa2.htk
../../TIMIT_corpus/timit_wav8000htkfeature/mtxs0_si1060.htk
../../TIMIT_corpus/timit_wav8000htkfeature/mtxs0_si1690.htk
../../TIMIT_corpus/timit_wav8000htkfeature/mtxs0_si2320.htk
../../TIMIT_corpus/timit_wav8000htkfeature/mtxs0_sx160.htk
../../TIMIT_corpus/timit_wav8000htkfeature/mtxs0_sx250.htk
../../TIMIT_corpus/timit_wav8000htkfeature/mtxs0_sx340.htk
../../TIMIT_corpus/timit_wav8000htkfeature/mtxs0_sx430.htk
../../TIMIT_corpus/timit_wav8000htkfeature/mtxs0_sx70.htk
../../TIMIT_corpus/timit_wav8000htkfeature/mvjh0_sa1.htk
../../TIMIT_corpus/timit_wav8000htkfeature/mvjh0_sa2.htk
../../TIMIT_corpus/timit_wav8000htkfeature/mvjh0_si1556.htk
../../TIMIT_corpus/timit_wav8000htkfeature/mvjh0_si2186.htk
../../TIMIT_corpus/timit_wav8000htkfeature/mvjh0_si926.htk
../../TIMIT_corpus/timit_wav8000htkfeature/mvjh0_sx116.htk
../../TIMIT_corpus/timit_wav8000htkfeature/mvjh0_sx206.htk
../../TIMIT_corpus/timit_wav8000htkfeature/mvjh0_sx26.htk
../../TIMIT_corpus/timit_wav8000htkfeature/mvjh0_sx296.htk
../../TIMIT_corpus/timit_wav8000htkfeature/mvjh0_sx386.htk
../../TIMIT_corpus/timit_wav8000htkfeature/mvlo0_sa1.htk
../../TIMIT_corpus/timit_wav8000htkfeature/mvlo0_sa2.htk
../../TIMIT_corpus/timit_wav8000htkfeature/mvlo0_si1147.htk
../../TIMIT_corpus/timit_wav8000htkfeature/mvlo0_si1777.htk
../../TIMIT_corpus/timit_wav8000htkfeature/mvlo0_si517.htk
../../TIMIT_corpus/timit_wav8000htkfeature/mvlo0_sx157.htk
../../TIMIT_corpus/timit_wav8000htkfeature/mvlo0_sx247.htk
../../TIMIT_corpus/timit_wav8000htkfeature/mvlo0_sx337.htk
../../TIMIT_corpus/timit_wav8000htkfeature/mvlo0_sx427.htk
../../TIMIT_corpus/timit_wav8000htkfeature/mvlo0_sx67.htk
../../TIMIT_corpus/timit_wav8000htkfeature/mvrw0_sa1.htk
../../TIMIT_corpus/timit_wav8000htkfeature/mvrw0_sa2.htk
../../TIMIT_corpus/timit_wav8000htkfeature/mvrw0_si1485.htk
../../TIMIT_corpus/timit_wav8000htkfeature/mvrw0_si2115.htk
../../TIMIT_corpus/timit_wav8000htkfeature/mvrw0_si855.htk
../../TIMIT_corpus/timit_wav8000htkfeature/mvrw0_sx135.htk
../../TIMIT_corpus/timit_wav8000htkfeature/mvrw0_sx225.htk
../../TIMIT_corpus/timit_wav8000htkfeature/mvrw0_sx315.htk
../../TIMIT_corpus/timit_wav8000htkfeature/mvrw0_sx405.htk
../../TIMIT_corpus/timit_wav8000htkfeature/mvrw0_sx45.htk
../../TIMIT_corpus/timit_wav8000htkfeature/mwac0_sa1.htk
../../TIMIT_corpus/timit_wav8000htkfeature/mwac0_sa2.htk
../../TIMIT_corpus/timit_wav8000htkfeature/mwac0_si1601.htk
../../TIMIT_corpus/timit_wav8000htkfeature/mwac0_si2231.htk
../../TIMIT_corpus/timit_wav8000htkfeature/mwac0_si971.htk
../../TIMIT_corpus/timit_wav8000htkfeature/mwac0_sx161.htk
../../TIMIT_corpus/timit_wav8000htkfeature/mwac0_sx251.htk
../../TIMIT_corpus/timit_wav8000htkfeature/mwac0_sx341.htk
../../TIMIT_corpus/timit_wav8000htkfeature/mwac0_sx431.htk
../../TIMIT_corpus/timit_wav8000htkfeature/mwac0_sx71.htk
../../TIMIT_corpus/timit_wav8000htkfeature/mwad0_sa1.htk
../../TIMIT_corpus/timit_wav8000htkfeature/mwad0_sa2.htk
../../TIMIT_corpus/timit_wav8000htkfeature/mwad0_si1062.htk
../../TIMIT_corpus/timit_wav8000htkfeature/mwad0_si1749.htk
../../TIMIT_corpus/timit_wav8000htkfeature/mwad0_si2322.htk
../../TIMIT_corpus/timit_wav8000htkfeature/mwad0_sx162.htk
../../TIMIT_corpus/timit_wav8000htkfeature/mwad0_sx252.htk
../../TIMIT_corpus/timit_wav8000htkfeature/mwad0_sx342.htk
../../TIMIT_corpus/timit_wav8000htkfeature/mwad0_sx432.htk
../../TIMIT_corpus/timit_wav8000htkfeature/mwad0_sx72.htk
../../TIMIT_corpus/timit_wav8000htkfeature/mwar0_sa1.htk
../../TIMIT_corpus/timit_wav8000htkfeature/mwar0_sa2.htk
../../TIMIT_corpus/timit_wav8000htkfeature/mwar0_si1045.htk
../../TIMIT_corpus/timit_wav8000htkfeature/mwar0_si1675.htk
../../TIMIT_corpus/timit_wav8000htkfeature/mwar0_si2305.htk
../../TIMIT_corpus/timit_wav8000htkfeature/mwar0_sx145.htk
../../TIMIT_corpus/timit_wav8000htkfeature/mwar0_sx235.htk
../../TIMIT_corpus/timit_wav8000htkfeature/mwar0_sx325.htk
../../TIMIT_corpus/timit_wav8000htkfeature/mwar0_sx415.htk
../../TIMIT_corpus/timit_wav8000htkfeature/mwar0_sx55.htk
../../TIMIT_corpus/timit_wav8000htkfeature/mwbt0_sa1.htk
../../TIMIT_corpus/timit_wav8000htkfeature/mwbt0_sa2.htk
../../TIMIT_corpus/timit_wav8000htkfeature/mwbt0_si1553.htk
../../TIMIT_corpus/timit_wav8000htkfeature/mwbt0_si2183.htk
../../TIMIT_corpus/timit_wav8000htkfeature/mwbt0_si923.htk
../../TIMIT_corpus/timit_wav8000htkfeature/mwbt0_sx113.htk
../../TIMIT_corpus/timit_wav8000htkfeature/mwbt0_sx203.htk
../../TIMIT_corpus/timit_wav8000htkfeature/mwbt0_sx23.htk
../../TIMIT_corpus/timit_wav8000htkfeature/mwbt0_sx293.htk
../../TIMIT_corpus/timit_wav8000htkfeature/mwbt0_sx383.htk
../../TIMIT_corpus/timit_wav8000htkfeature/mwch0_sa1.htk
../../TIMIT_corpus/timit_wav8000htkfeature/mwch0_sa2.htk
../../TIMIT_corpus/timit_wav8000htkfeature/mwch0_si1622.htk
../../TIMIT_corpus/timit_wav8000htkfeature/mwch0_si1895.htk
../../TIMIT_corpus/timit_wav8000htkfeature/mwch0_si2252.htk
../../TIMIT_corpus/timit_wav8000htkfeature/mwch0_sx182.htk
../../TIMIT_corpus/timit_wav8000htkfeature/mwch0_sx272.htk
../../TIMIT_corpus/timit_wav8000htkfeature/mwch0_sx362.htk
../../TIMIT_corpus/timit_wav8000htkfeature/mwch0_sx452.htk
../../TIMIT_corpus/timit_wav8000htkfeature/mwch0_sx92.htk
../../TIMIT_corpus/timit_wav8000htkfeature/mwdk0_sa1.htk
../../TIMIT_corpus/timit_wav8000htkfeature/mwdk0_sa2.htk
../../TIMIT_corpus/timit_wav8000htkfeature/mwdk0_si1436.htk
../../TIMIT_corpus/timit_wav8000htkfeature/mwdk0_si2017.htk
../../TIMIT_corpus/timit_wav8000htkfeature/mwdk0_si806.htk
../../TIMIT_corpus/timit_wav8000htkfeature/mwdk0_sx176.htk
../../TIMIT_corpus/timit_wav8000htkfeature/mwdk0_sx266.htk
../../TIMIT_corpus/timit_wav8000htkfeature/mwdk0_sx356.htk
../../TIMIT_corpus/timit_wav8000htkfeature/mwdk0_sx446.htk
../../TIMIT_corpus/timit_wav8000htkfeature/mwdk0_sx86.htk
../../TIMIT_corpus/timit_wav8000htkfeature/mwem0_sa1.htk
../../TIMIT_corpus/timit_wav8000htkfeature/mwem0_sa2.htk
../../TIMIT_corpus/timit_wav8000htkfeature/mwem0_si1320.htk
../../TIMIT_corpus/timit_wav8000htkfeature/mwem0_si1393.htk
../../TIMIT_corpus/timit_wav8000htkfeature/mwem0_si1950.htk
../../TIMIT_corpus/timit_wav8000htkfeature/mwem0_sx150.htk
../../TIMIT_corpus/timit_wav8000htkfeature/mwem0_sx240.htk
../../TIMIT_corpus/timit_wav8000htkfeature/mwem0_sx330.htk
../../TIMIT_corpus/timit_wav8000htkfeature/mwem0_sx420.htk
../../TIMIT_corpus/timit_wav8000htkfeature/mwem0_sx60.htk
../../TIMIT_corpus/timit_wav8000htkfeature/mwew0_sa1.htk
../../TIMIT_corpus/timit_wav8000htkfeature/mwew0_sa2.htk
../../TIMIT_corpus/timit_wav8000htkfeature/mwew0_si1361.htk
../../TIMIT_corpus/timit_wav8000htkfeature/mwew0_si1991.htk
../../TIMIT_corpus/timit_wav8000htkfeature/mwew0_si731.htk
../../TIMIT_corpus/timit_wav8000htkfeature/mwew0_sx101.htk
../../TIMIT_corpus/timit_wav8000htkfeature/mwew0_sx11.htk
../../TIMIT_corpus/timit_wav8000htkfeature/mwew0_sx191.htk
../../TIMIT_corpus/timit_wav8000htkfeature/mwew0_sx281.htk
../../TIMIT_corpus/timit_wav8000htkfeature/mwew0_sx371.htk
../../TIMIT_corpus/timit_wav8000htkfeature/mwgr0_sa1.htk
../../TIMIT_corpus/timit_wav8000htkfeature/mwgr0_sa2.htk
../../TIMIT_corpus/timit_wav8000htkfeature/mwgr0_si1606.htk
../../TIMIT_corpus/timit_wav8000htkfeature/mwgr0_si2236.htk
../../TIMIT_corpus/timit_wav8000htkfeature/mwgr0_si976.htk
../../TIMIT_corpus/timit_wav8000htkfeature/mwgr0_sx166.htk
../../TIMIT_corpus/timit_wav8000htkfeature/mwgr0_sx256.htk
../../TIMIT_corpus/timit_wav8000htkfeature/mwgr0_sx346.htk
../../TIMIT_corpus/timit_wav8000htkfeature/mwgr0_sx436.htk
../../TIMIT_corpus/timit_wav8000htkfeature/mwgr0_sx76.htk
../../TIMIT_corpus/timit_wav8000htkfeature/mwjg0_sa1.htk
../../TIMIT_corpus/timit_wav8000htkfeature/mwjg0_sa2.htk
../../TIMIT_corpus/timit_wav8000htkfeature/mwjg0_si1124.htk
../../TIMIT_corpus/timit_wav8000htkfeature/mwjg0_si1754.htk
../../TIMIT_corpus/timit_wav8000htkfeature/mwjg0_si494.htk
../../TIMIT_corpus/timit_wav8000htkfeature/mwjg0_sx134.htk
../../TIMIT_corpus/timit_wav8000htkfeature/mwjg0_sx224.htk
../../TIMIT_corpus/timit_wav8000htkfeature/mwjg0_sx314.htk
../../TIMIT_corpus/timit_wav8000htkfeature/mwjg0_sx404.htk
../../TIMIT_corpus/timit_wav8000htkfeature/mwjg0_sx44.htk
../../TIMIT_corpus/timit_wav8000htkfeature/mwre0_sa1.htk
../../TIMIT_corpus/timit_wav8000htkfeature/mwre0_sa2.htk
../../TIMIT_corpus/timit_wav8000htkfeature/mwre0_si1057.htk
../../TIMIT_corpus/timit_wav8000htkfeature/mwre0_si1687.htk
../../TIMIT_corpus/timit_wav8000htkfeature/mwre0_si2317.htk
../../TIMIT_corpus/timit_wav8000htkfeature/mwre0_sx157.htk
../../TIMIT_corpus/timit_wav8000htkfeature/mwre0_sx247.htk
../../TIMIT_corpus/timit_wav8000htkfeature/mwre0_sx337.htk
../../TIMIT_corpus/timit_wav8000htkfeature/mwre0_sx427.htk
../../TIMIT_corpus/timit_wav8000htkfeature/mwre0_sx67.htk
../../TIMIT_corpus/timit_wav8000htkfeature/mwrp0_sa1.htk
../../TIMIT_corpus/timit_wav8000htkfeature/mwrp0_sa2.htk
../../TIMIT_corpus/timit_wav8000htkfeature/mwrp0_si1443.htk
../../TIMIT_corpus/timit_wav8000htkfeature/mwrp0_si1525.htk
../../TIMIT_corpus/timit_wav8000htkfeature/mwrp0_si2073.htk
../../TIMIT_corpus/timit_wav8000htkfeature/mwrp0_sx183.htk
../../TIMIT_corpus/timit_wav8000htkfeature/mwrp0_sx273.htk
../../TIMIT_corpus/timit_wav8000htkfeature/mwrp0_sx3.htk
../../TIMIT_corpus/timit_wav8000htkfeature/mwrp0_sx363.htk
../../TIMIT_corpus/timit_wav8000htkfeature/mwrp0_sx93.htk
../../TIMIT_corpus/timit_wav8000htkfeature/mwsb0_sa1.htk
../../TIMIT_corpus/timit_wav8000htkfeature/mwsb0_sa2.htk
../../TIMIT_corpus/timit_wav8000htkfeature/mwsb0_si1626.htk
../../TIMIT_corpus/timit_wav8000htkfeature/mwsb0_si2256.htk
../../TIMIT_corpus/timit_wav8000htkfeature/mwsb0_si996.htk
../../TIMIT_corpus/timit_wav8000htkfeature/mwsb0_sx186.htk
../../TIMIT_corpus/timit_wav8000htkfeature/mwsb0_sx276.htk
../../TIMIT_corpus/timit_wav8000htkfeature/mwsb0_sx366.htk
../../TIMIT_corpus/timit_wav8000htkfeature/mwsb0_sx6.htk
../../TIMIT_corpus/timit_wav8000htkfeature/mwsb0_sx96.htk
../../TIMIT_corpus/timit_wav8000htkfeature/mwsh0_sa1.htk
../../TIMIT_corpus/timit_wav8000htkfeature/mwsh0_sa2.htk
../../TIMIT_corpus/timit_wav8000htkfeature/mwsh0_si1426.htk
../../TIMIT_corpus/timit_wav8000htkfeature/mwsh0_si2266.htk
../../TIMIT_corpus/timit_wav8000htkfeature/mwsh0_si796.htk
../../TIMIT_corpus/timit_wav8000htkfeature/mwsh0_sx166.htk
../../TIMIT_corpus/timit_wav8000htkfeature/mwsh0_sx256.htk
../../TIMIT_corpus/timit_wav8000htkfeature/mwsh0_sx346.htk
../../TIMIT_corpus/timit_wav8000htkfeature/mwsh0_sx436.htk
../../TIMIT_corpus/timit_wav8000htkfeature/mwsh0_sx76.htk
../../TIMIT_corpus/timit_wav8000htkfeature/mwvw0_sa1.htk
../../TIMIT_corpus/timit_wav8000htkfeature/mwvw0_sa2.htk
../../TIMIT_corpus/timit_wav8000htkfeature/mwvw0_si1476.htk
../../TIMIT_corpus/timit_wav8000htkfeature/mwvw0_si2106.htk
../../TIMIT_corpus/timit_wav8000htkfeature/mwvw0_si846.htk
../../TIMIT_corpus/timit_wav8000htkfeature/mwvw0_sx126.htk
../../TIMIT_corpus/timit_wav8000htkfeature/mwvw0_sx216.htk
../../TIMIT_corpus/timit_wav8000htkfeature/mwvw0_sx306.htk
../../TIMIT_corpus/timit_wav8000htkfeature/mwvw0_sx36.htk
../../TIMIT_corpus/timit_wav8000htkfeature/mwvw0_sx396.htk
../../TIMIT_corpus/timit_wav8000htkfeature/mzmb0_sa1.htk
../../TIMIT_corpus/timit_wav8000htkfeature/mzmb0_sa2.htk
../../TIMIT_corpus/timit_wav8000htkfeature/mzmb0_si1166.htk
../../TIMIT_corpus/timit_wav8000htkfeature/mzmb0_si1796.htk
../../TIMIT_corpus/timit_wav8000htkfeature/mzmb0_si536.htk
../../TIMIT_corpus/timit_wav8000htkfeature/mzmb0_sx176.htk
../../TIMIT_corpus/timit_wav8000htkfeature/mzmb0_sx266.htk
../../TIMIT_corpus/timit_wav8000htkfeature/mzmb0_sx356.htk
../../TIMIT_corpus/timit_wav8000htkfeature/mzmb0_sx446.htk
../../TIMIT_corpus/timit_wav8000htkfeature/mzmb0_sx86.htk
