../features/mlnt0 mlnt0_sa1 imposter
../features/mlnt0 faks0_sa1 imposter
../features/mlnt0 faks0_sa2 imposter
../features/mlnt0 faks0_si1573 imposter
../features/mlnt0 faks0_si2203 imposter
../features/mlnt0 faks0_si943 imposter
../features/mlnt0 faks0_sx133 imposter
../features/mlnt0 faks0_sx223 imposter
../features/mlnt0 faks0_sx313 imposter
../features/mlnt0 faks0_sx403 imposter
../features/mlnt0 faks0_sx43 imposter
../features/mlnt0 fdac1_sa1 imposter
../features/mlnt0 fdac1_sa2 imposter
../features/mlnt0 fdac1_si1474 imposter
../features/mlnt0 fdac1_si2104 imposter
../features/mlnt0 fdac1_si844 imposter
../features/mlnt0 fdac1_sx124 imposter
../features/mlnt0 fdac1_sx214 imposter
../features/mlnt0 fdac1_sx304 imposter
../features/mlnt0 fdac1_sx34 imposter
../features/mlnt0 fdac1_sx394 imposter
../features/mlnt0 felc0_sa1 imposter
../features/mlnt0 felc0_sa2 imposter
../features/mlnt0 felc0_si1386 imposter
../features/mlnt0 felc0_si2016 imposter
../features/mlnt0 felc0_si756 imposter
../features/mlnt0 felc0_sx126 imposter
../features/mlnt0 felc0_sx216 imposter
../features/mlnt0 felc0_sx306 imposter
../features/mlnt0 felc0_sx36 imposter
../features/mlnt0 felc0_sx396 imposter
../features/mlnt0 fjem0_sa1 imposter
../features/mlnt0 fjem0_sa2 imposter
../features/mlnt0 fjem0_si1264 imposter
../features/mlnt0 fjem0_si1894 imposter
../features/mlnt0 fjem0_si634 imposter
../features/mlnt0 fjem0_sx184 imposter
../features/mlnt0 fjem0_sx274 imposter
../features/mlnt0 fjem0_sx364 imposter
../features/mlnt0 fjem0_sx4 imposter
../features/mlnt0 fjem0_sx94 imposter
../features/mlnt0 mdab0_sa1 imposter
../features/mlnt0 mdab0_sa2 imposter
../features/mlnt0 mdab0_si1039 imposter
../features/mlnt0 mdab0_si1669 imposter
../features/mlnt0 mdab0_si2299 imposter
../features/mlnt0 mdab0_sx139 imposter
../features/mlnt0 mdab0_sx229 imposter
../features/mlnt0 mdab0_sx319 imposter
../features/mlnt0 mdab0_sx409 imposter
../features/mlnt0 mdab0_sx49 imposter
../features/mlnt0 mjsw0_sa1 imposter
../features/mlnt0 mjsw0_sa2 imposter
../features/mlnt0 mjsw0_si1010 imposter
../features/mlnt0 mjsw0_si1640 imposter
../features/mlnt0 mjsw0_si2270 imposter
../features/mlnt0 mjsw0_sx110 imposter
../features/mlnt0 mjsw0_sx20 imposter
../features/mlnt0 mjsw0_sx200 imposter
../features/mlnt0 mjsw0_sx290 imposter
../features/mlnt0 mjsw0_sx380 imposter
../features/mlnt0 mreb0_sa1 imposter
../features/mlnt0 mreb0_sa2 imposter
../features/mlnt0 mreb0_si1375 imposter
../features/mlnt0 mreb0_si2005 imposter
../features/mlnt0 mreb0_si745 imposter
../features/mlnt0 mreb0_sx115 imposter
../features/mlnt0 mreb0_sx205 imposter
../features/mlnt0 mreb0_sx25 imposter
../features/mlnt0 mreb0_sx295 imposter
../features/mlnt0 mreb0_sx385 imposter
../features/mlnt0 mrjo0_sa1 imposter
../features/mlnt0 mrjo0_sa2 imposter
../features/mlnt0 mrjo0_si1364 imposter
../features/mlnt0 mrjo0_si1624 imposter
../features/mlnt0 mrjo0_si734 imposter
../features/mlnt0 mrjo0_sx104 imposter
../features/mlnt0 mrjo0_sx14 imposter
../features/mlnt0 mrjo0_sx194 imposter
../features/mlnt0 mrjo0_sx284 imposter
../features/mlnt0 mrjo0_sx374 imposter
../features/mlnt0 msjs1_sa1 imposter
../features/mlnt0 msjs1_sa2 imposter
../features/mlnt0 msjs1_si1899 imposter
../features/mlnt0 msjs1_si639 imposter
../features/mlnt0 msjs1_si869 imposter
../features/mlnt0 msjs1_sx189 imposter
../features/mlnt0 msjs1_sx279 imposter
../features/mlnt0 msjs1_sx369 imposter
../features/mlnt0 msjs1_sx9 imposter
../features/mlnt0 msjs1_sx99 imposter
../features/mlnt0 mstk0_sa1 imposter
../features/mlnt0 mstk0_sa2 imposter
../features/mlnt0 mstk0_si1024 imposter
../features/mlnt0 mstk0_si2222 imposter
../features/mlnt0 mstk0_si2284 imposter
../features/mlnt0 mstk0_sx124 imposter
../features/mlnt0 mstk0_sx214 imposter
../features/mlnt0 mstk0_sx304 imposter
../features/mlnt0 mstk0_sx34 imposter
../features/mmab0 mmab0_sa1 imposter
../features/mmdh0 mmdh0_sa1 imposter
../features/mmjr0 mmjr0_sa1 imposter
../features/mmwh0 mmwh0_sa1 imposter
../features/mrtk0 mrtk0_sa1 imposter
../features/mtaa0 mtaa0_sa1 imposter
../features/mtdt0 mtdt0_sa1 imposter
../features/mthc0 mthc0_sa1 imposter
../features/mwjg0 mwjg0_sa1 imposter
../features breaking_glass1 target
../features breaking_glass2 target
../features breaking_glass3 target
../features breaking_glass4 target
../features breaking_glass5 target
../features broken_glass1 target
../features broken_glass2 target
../features broken_glass_short1 target
../features knock_knock1 target
../features knock_knock2 target
../features knock_knock3 target
../features knock_knock4 target
../features r1 target
../features r3 target
../features R target
../features music1 imposter
../features music10 imposter
../features music11 imposter
../features music12 imposter
../features music13 imposter
../features music14 imposter
../features music15 imposter
../features music16 imposter
../features music17 imposter
../features music18 imposter
../features music19 imposter
../features music2 imposter
../features music20 imposter
../features music21 imposter
../features music22 imposter
../features music23 imposter
../features music24 imposter
../features music25 imposter
../features music26 imposter
../features music27 imposter
../features music28 imposter
../features music29 imposter
../features music3 imposter
../features music4 imposter
../features music5 imposter
../features music6 imposter
../features music7 imposter
../features music8 imposter
../features music9 imposter
../features n1 imposter
../features n10 imposter
../features n11 imposter
../features n12 imposter
../features n13 imposter
../features n14 imposter
../features n15 imposter
../features n16 imposter
../features n17 imposter
../features n18 imposter
../features n19 imposter
../features n2 imposter
../features n20 imposter
../features n21 imposter
../features n23 imposter
../features n24 imposter
../features n25 imposter
../features n26 imposter
../features n27 imposter
../features n28 imposter
../features n29 imposter
../features n3 imposter
../features n30 imposter
../features n31 imposter
../features n32 imposter
../features n33 imposter
../features n34 imposter
../features n35 imposter
../features n36 imposter
../features n37 imposter
../features n38 imposter
../features n39 imposter
../features n4 imposter
../features n40 imposter
../features n41 imposter
../features n42 imposter
../features n43 imposter
../features n44 imposter
../features n45 imposter
../features n46 imposter
../features n47 imposter
../features n48 imposter
../features n49 imposter
../features n5 imposter
../features n50 imposter
../features n52 imposter
../features n53 imposter
../features n55 imposter
../features n56 imposter
../features n57 imposter
../features n58 imposter
../features n59 imposter
../features n6 imposter
../features n60 imposter
../features n61 imposter
../features n62 imposter
../features n63 imposter
../features n64 imposter
../features n65 imposter
../features n66 imposter
../features n67 imposter
../features n68 imposter
../features n69 imposter
../features n7 imposter
../features n70 imposter
../features n71 imposter
../features n72 imposter
../features n73 imposter
../features n74 imposter
../features n75 imposter
../features n76 imposter
../features n77 imposter
../features n78 imposter
../features n79 imposter
../features n8 imposter
../features n80 imposter
../features n81 imposter
../features n82 imposter
../features n83 imposter
../features n84 imposter
../features n85 imposter
../features n9 imposter
